
============================================================
RAG PHASE 2: VECTOR STORE TESTS
============================================================

============================================================
TEST 1: Module Imports
============================================================
Traceback (most recent call last):
  File "c:\Users\Hp\Desktop\Piku\git\Supply Chain Cognitive Digital Twin\test_vector_store.py", line 496, in run_all_tests
    success = test_fn()
              ^^^^^^^^^
  File "c:\Users\Hp\Desktop\Piku\git\Supply Chain Cognitive Digital Twin\test_vector_store.py", line 32, in test_imports
    print("\u2713 All vector store imports successful")
  File "C:\Python312\Lib\encodings\cp1252.py", line 19, in encode
    return codecs.charmap_encode(input,self.errors,encoding_table)[0]
           ^^^^^^^^^^^^^^^^^^^^^^^^^^^^^^^^^^^^^^^^^^^^^^^^^^^^^^^
UnicodeEncodeError: 'charmap' codec can't encode character '\u2713' in position 0: character maps to <undefined>

During handling of the above exception, another exception occurred:

Traceback (most recent call last):
  File "c:\Users\Hp\Desktop\Piku\git\Supply Chain Cognitive Digital Twin\test_vector_store.py", line 522, in <module>
    success = run_all_tests()
              ^^^^^^^^^^^^^^^
  File "c:\Users\Hp\Desktop\Piku\git\Supply Chain Cognitive Digital Twin\test_vector_store.py", line 499, in run_all_tests
    print(f"\n\u2717 {name} FAILED: {e}")
  File "C:\Python312\Lib\encodings\cp1252.py", line 19, in encode
    return codecs.charmap_encode(input,self.errors,encoding_table)[0]
           ^^^^^^^^^^^^^^^^^^^^^^^^^^^^^^^^^^^^^^^^^^^^^^^^^^^^^^^
UnicodeEncodeError: 'charmap' codec can't encode character '\u2717' in position 2: character maps to <undefined>
